12:46:33 **** Incremental Build of configuration Debug for project Lab2 ****
make -j4 all 
arm-none-eabi-gcc "../Core/Src/main.c" -mcpu=cortex-m3 -std=gnu11 -g3 -DDEBUG -DUSE_HAL_DRIVER -DSTM32F103x6 -c -I../Core/Inc -I../Drivers/STM32F1xx_HAL_Driver/Inc -I../Drivers/STM32F1xx_HAL_Driver/Inc/Legacy -I../Drivers/CMSIS/Device/ST/STM32F1xx/Include -I../Drivers/CMSIS/Include -O0 -ffunction-sections -fdata-sections -Wall -fstack-usage -MMD -MP -MF"Core/Src/main.d" -MT"Core/Src/main.o" --specs=nano.specs -mfloat-abi=soft -mthumb -o "Core/Src/main.o"
../Core/Src/main.c: In function 'main':
../Core/Src/main.c:102:5: warning: implicit declaration of function 'updateLEDMatrix' [-Wimplicit-function-declaration]
  102 |     updateLEDMatrix(index);
      |     ^~~~~~~~~~~~~~~
../Core/Src/main.c:103:5: warning: implicit declaration of function 'shift_buffer' [-Wimplicit-function-declaration]
  103 |     shift_buffer();
      |     ^~~~~~~~~~~~
../Core/Src/main.c: At top level:
../Core/Src/main.c:249:6: warning: conflicting types for 'updateLEDMatrix'
  249 | void updateLEDMatrix (int index){
      |      ^~~~~~~~~~~~~~~
../Core/Src/main.c:102:5: note: previous implicit declaration of 'updateLEDMatrix' was here
  102 |     updateLEDMatrix(index);
      |     ^~~~~~~~~~~~~~~
../Core/Src/main.c:288:6: warning: conflicting types for 'shift_buffer'
  288 | void shift_buffer(){
      |      ^~~~~~~~~~~~
../Core/Src/main.c:103:5: note: previous implicit declaration of 'shift_buffer' was here
  103 |     shift_buffer();
      |     ^~~~~~~~~~~~
../Core/Src/main.c: In function 'updateClockBuffer':
../Core/Src/main.c:310:3: warning: implicit declaration of function 'update7SEG' [-Wimplicit-function-declaration]
  310 |   update7SEG(indexLed);
      |   ^~~~~~~~~~
../Core/Src/main.c: At top level:
../Core/Src/main.c:314:6: warning: conflicting types for 'update7SEG'
  314 | void update7SEG (int index){
      |      ^~~~~~~~~~
../Core/Src/main.c:310:3: note: previous implicit declaration of 'update7SEG' was here
  310 |   update7SEG(indexLed);
      |   ^~~~~~~~~~
../Core/Src/main.c: In function 'update7SEG':
../Core/Src/main.c:321:3: warning: implicit declaration of function 'display7SEG' [-Wimplicit-function-declaration]
  321 |   display7SEG(led_buffer[0]);
      |   ^~~~~~~~~~~
../Core/Src/main.c: At top level:
../Core/Src/main.c:353:6: warning: conflicting types for 'display7SEG'
  353 | void display7SEG(int counter){
      |      ^~~~~~~~~~~
../Core/Src/main.c:321:3: note: previous implicit declaration of 'display7SEG' was here
  321 |   display7SEG(led_buffer[0]);
      |   ^~~~~~~~~~~
arm-none-eabi-gcc -o "Lab2.elf" @"objects.list"   -mcpu=cortex-m3 -T"D:\Lab2Official\Lab2\STM32F103C6UX_FLASH.ld" --specs=nosys.specs -Wl,-Map="Lab2.map" -Wl,--gc-sections -static --specs=nano.specs -mfloat-abi=soft -mthumb -Wl,--start-group -lc -lm -Wl,--end-group
Finished building target: Lab2.elf
 
arm-none-eabi-size   Lab2.elf 
arm-none-eabi-objdump -h -S  Lab2.elf  > "Lab2.list"
arm-none-eabi-objcopy  -O ihex  Lab2.elf  "Lab2.hex"
   text	   data	    bss	    dec	    hex	filename
   7644	     28	   1660	   9332	   2474	Lab2.elf
arm-none-eabi-objcopy  -O binary  Lab2.elf  "Lab2.bin"
Finished building: default.size.stdout
 
Finished building: Lab2.bin
Finished building: Lab2.hex
Finished building: Lab2.list
 
 
 

12:46:37 Build Finished. 0 errors, 8 warnings. (took 3s.849ms)

